// Jest Snapshot v1, https://goo.gl/fbAQLP

exports[`ChangePasswordBox renders correctly 1`] = `
<div
  className="jsx-3727646316 change-password-box w-100"
>
  <div
    className="jsx-3727646316 row"
  >
    <div
      className="jsx-3727646316 col-12 text-center mb-3"
    >
      <h1
        className="jsx-3727646316"
      >
        Change your password
      </h1>
    </div>
    <div
      className="jsx-3727646316 col-12"
    >
      <form
        className=""
        onSubmit={[Function]}
      >
        <div
          className="form-group"
        >
          <label
            className=""
            htmlFor="currentPassword"
          >
            Current password
          </label>
          <input
            className="form-control"
            id="currentPassword"
            name="currentPassword"
            placeholder="Please enter your current password"
            type="password"
          />
        </div>
        <div
          className="form-group"
        >
          <label
            className=""
            htmlFor="newPassword"
          >
            New password
          </label>
          <input
            className="form-control"
            id="newPassword"
            name="newPassword"
            placeholder="Please enter the new password"
            type="password"
          />
        </div>
        <div
          className="jsx-3727646316 d-flex w-100 justify-content-center"
        >
          <button
            aria-label={null}
            className="btn btn-primary"
            onClick={[Function]}
            type="submit"
          >
            Change password
          </button>
        </div>
      </form>
    </div>
  </div>
</div>
`;
